exports[`App renders component correctly 1`] = `
<div
  className="container">
  Welcome to testing
  <button
    onClick={[Function]}>
    Click me :)
  </button>
  <p
    className="parent__display">
    Count in parent: 
    0
  </p>
  <div
    className="count">
    Count in child: 
    0
  </div>
</div>
`;

exports[`App renders component correctly 2`] = `
<div
  className="container">
  Welcome to testing
  <button
    onClick={[Function]}>
    Click me :)
  </button>
  <p
    className="parent__display">
    Count in parent: 
    1
  </p>
  <div
    className="count">
    Count in child: 
    1
  </div>
</div>
`;
