exports[`App renders component correctly 1`] = `
<div
  className="container">
  Welcome to testing
  <button
    onClick={[Function]}>
    Click me :)
  </button>
  <div
    className="count">
    Current count: 
    0
  </div>
</div>
`;

exports[`App renders component correctly 2`] = `
<div
  className="container">
  Welcome to testing
  <button
    onClick={[Function]}>
    Click me :)
  </button>
  <div
    className="count">
    Current count: 
    1
  </div>
</div>
`;
